// Jest Snapshot v1, https://goo.gl/fbAQLP

exports[`Lambda to EventBridge Snapshot 1`] = `
{
  "Outputs": {
    "FunctionNameMyLambda": {
      "Value": {
        "Ref": "MyLambdaCCE802FB",
      },
    },
  },
  "Parameters": {
    "BootstrapVersion": {
      "Default": "/cdk-bootstrap/hnb659fds/version",
      "Description": "Version of the CDK Bootstrap resources in this environment, automatically retrieved from SSM Parameter Store. [cdk:skip]",
      "Type": "AWS::SSM::Parameter::Value<String>",
    },
  },
  "Resources": {
    "MyEventBus251E60F8": {
      "Properties": {
        "Name": "TestMyEventBus25AE8456",
      },
      "Type": "AWS::Events::EventBus",
    },
    "MyLambdaCCE802FB": {
      "DependsOn": [
        "MyLambdaServiceRoleDefaultPolicy5BBC6F68",
        "MyLambdaServiceRole4539ECB6",
      ],
      "Properties": {
        "Code": {
          "S3Bucket": {
            "Fn::Sub": "cdk-hnb659fds-assets-\${AWS::AccountId}-\${AWS::Region}",
          },
          "S3Key": "cd00a4426b94bd8db7578694881dfea9b0b6c155f1d547f6dc8686ef3b0bcc8e.zip",
        },
        "Environment": {
          "Variables": {
            "AWS_LAMBDA_EXEC_WRAPPER": "/opt/spy-wrapper",
            "AWS_NODEJS_CONNECTION_REUSE_ENABLED": "1",
            "EB_NAME": {
              "Ref": "MyEventBus251E60F8",
            },
            "NODE_OPTIONS": "--enable-source-maps",
            "SSPY_DEBUG": "true",
            "SSPY_FUNCTION_NAME": "MyLambda",
            "SSPY_INFRA_MAPPING": "{}",
            "SSPY_ROOT_STACK": "Test",
          },
        },
        "Handler": "index.handler",
        "Layers": [
          {
            "Ref": "ServerlessSpyExtensionEA4873A0",
          },
          {
            "Ref": "ServerlessSpySpyWrapperLayerBE5627BF",
          },
        ],
        "MemorySize": 512,
        "Role": {
          "Fn::GetAtt": [
            "MyLambdaServiceRole4539ECB6",
            "Arn",
          ],
        },
        "Runtime": "nodejs16.x",
        "Timeout": 5,
      },
      "Type": "AWS::Lambda::Function",
    },
    "MyLambdaServiceRole4539ECB6": {
      "Properties": {
        "AssumeRolePolicyDocument": {
          "Statement": [
            {
              "Action": "sts:AssumeRole",
              "Effect": "Allow",
              "Principal": {
                "Service": "lambda.amazonaws.com",
              },
            },
          ],
          "Version": "2012-10-17",
        },
        "ManagedPolicyArns": [
          {
            "Fn::Join": [
              "",
              [
                "arn:",
                {
                  "Ref": "AWS::Partition",
                },
                ":iam::aws:policy/service-role/AWSLambdaBasicExecutionRole",
              ],
            ],
          },
        ],
      },
      "Type": "AWS::IAM::Role",
    },
    "MyLambdaServiceRoleDefaultPolicy5BBC6F68": {
      "Properties": {
        "PolicyDocument": {
          "Statement": [
            {
              "Action": "events:PutEvents",
              "Effect": "Allow",
              "Resource": {
                "Fn::GetAtt": [
                  "MyEventBus251E60F8",
                  "Arn",
                ],
              },
            },
            {
              "Action": "iot:*",
              "Effect": "Allow",
              "Resource": "*",
            },
          ],
          "Version": "2012-10-17",
        },
        "PolicyName": "MyLambdaServiceRoleDefaultPolicy5BBC6F68",
        "Roles": [
          {
            "Ref": "MyLambdaServiceRole4539ECB6",
          },
        ],
      },
      "Type": "AWS::IAM::Policy",
    },
    "ServerlessSpyExtensionEA4873A0": {
      "Properties": {
        "CompatibleArchitectures": [
          "x86_64",
        ],
        "CompatibleRuntimes": [
          "nodejs16.x",
        ],
        "Content": {
          "S3Bucket": {
            "Fn::Sub": "cdk-hnb659fds-assets-\${AWS::AccountId}-\${AWS::Region}",
          },
          "S3Key": "babbb172503f6a6ffc178f8d107bae18937392efdbc57c9a729dd35ef6228e53.zip",
        },
      },
      "Type": "AWS::Lambda::LayerVersion",
    },
    "ServerlessSpyRuleAllMyEventBus059FF67A": {
      "Properties": {
        "EventBusName": {
          "Ref": "MyEventBus251E60F8",
        },
        "EventPattern": {
          "version": [
            "0",
          ],
        },
        "State": "ENABLED",
        "Targets": [
          {
            "Arn": {
              "Fn::GetAtt": [
                "ServerlessSpySubscription0036DF4AB",
                "Arn",
              ],
            },
            "Id": "Target0",
          },
        ],
      },
      "Type": "AWS::Events::Rule",
    },
    "ServerlessSpyRuleAllMyEventBusAllowEventRuleTestServerlessSpySubscription037770329EE5AF7D1": {
      "Properties": {
        "Action": "lambda:InvokeFunction",
        "FunctionName": {
          "Fn::GetAtt": [
            "ServerlessSpySubscription0036DF4AB",
            "Arn",
          ],
        },
        "Principal": "events.amazonaws.com",
        "SourceArn": {
          "Fn::GetAtt": [
            "ServerlessSpyRuleAllMyEventBus059FF67A",
            "Arn",
          ],
        },
      },
      "Type": "AWS::Lambda::Permission",
    },
    "ServerlessSpySpyWrapperLayerBE5627BF": {
      "Properties": {
        "Content": {
          "S3Bucket": {
            "Fn::Sub": "cdk-hnb659fds-assets-\${AWS::AccountId}-\${AWS::Region}",
          },
          "S3Key": "bf2df0858ecef77ac31b1994b46cd25f69a84fea5d58e9b5e5c6e458c33012f6.zip",
        },
      },
      "Type": "AWS::Lambda::LayerVersion",
    },
    "ServerlessSpySubscription0036DF4AB": {
      "DependsOn": [
        "ServerlessSpySubscription0ServiceRoleDefaultPolicyD8FA77F4",
        "ServerlessSpySubscription0ServiceRoleF955D76C",
      ],
      "Properties": {
        "Code": {
          "S3Bucket": {
            "Fn::Sub": "cdk-hnb659fds-assets-\${AWS::AccountId}-\${AWS::Region}",
          },
          "S3Key": "2fc02cc64fedb8a5c7c3049c58656172132663d36b541073ada7da4078957efa.zip",
        },
        "Environment": {
          "Variables": {
            "AWS_NODEJS_CONNECTION_REUSE_ENABLED": "1",
            "NODE_OPTIONS": "--enable-source-maps",
            "SSPY_INFRA_MAPPING": "{"eventBridge":"EventBridge#MyEventBus"}",
            "SSPY_ROOT_STACK": "Test",
          },
        },
        "Handler": "index.handler",
        "MemorySize": 512,
        "Role": {
          "Fn::GetAtt": [
            "ServerlessSpySubscription0ServiceRoleF955D76C",
            "Arn",
          ],
        },
        "Runtime": "nodejs18.x",
        "Timeout": 5,
      },
      "Type": "AWS::Lambda::Function",
    },
    "ServerlessSpySubscription0ServiceRoleDefaultPolicyD8FA77F4": {
      "Properties": {
        "PolicyDocument": {
          "Statement": [
            {
              "Action": "iot:*",
              "Effect": "Allow",
              "Resource": "*",
            },
          ],
          "Version": "2012-10-17",
        },
        "PolicyName": "ServerlessSpySubscription0ServiceRoleDefaultPolicyD8FA77F4",
        "Roles": [
          {
            "Ref": "ServerlessSpySubscription0ServiceRoleF955D76C",
          },
        ],
      },
      "Type": "AWS::IAM::Policy",
    },
    "ServerlessSpySubscription0ServiceRoleF955D76C": {
      "Properties": {
        "AssumeRolePolicyDocument": {
          "Statement": [
            {
              "Action": "sts:AssumeRole",
              "Effect": "Allow",
              "Principal": {
                "Service": "lambda.amazonaws.com",
              },
            },
          ],
          "Version": "2012-10-17",
        },
        "ManagedPolicyArns": [
          {
            "Fn::Join": [
              "",
              [
                "arn:",
                {
                  "Ref": "AWS::Partition",
                },
                ":iam::aws:policy/service-role/AWSLambdaBasicExecutionRole",
              ],
            ],
          },
        ],
      },
      "Type": "AWS::IAM::Role",
    },
  },
  "Rules": {
    "CheckBootstrapVersion": {
      "Assertions": [
        {
          "Assert": {
            "Fn::Not": [
              {
                "Fn::Contains": [
                  [
                    "1",
                    "2",
                    "3",
                    "4",
                    "5",
                  ],
                  {
                    "Ref": "BootstrapVersion",
                  },
                ],
              },
            ],
          },
          "AssertDescription": "CDK bootstrap stack version 6 required. Please run 'cdk bootstrap' with a recent version of the CDK CLI.",
        },
      ],
    },
  },
}
`;
