// Jest Snapshot v1, https://goo.gl/fbAQLP

exports[`Lambda to DynamoDB Snapshot 1`] = `
{
  "Outputs": {
    "FunctionNameMyLambda": {
      "Value": {
        "Ref": "MyLambdaCCE802FB",
      },
    },
  },
  "Parameters": {
    "BootstrapVersion": {
      "Default": "/cdk-bootstrap/hnb659fds/version",
      "Description": "Version of the CDK Bootstrap resources in this environment, automatically retrieved from SSM Parameter Store. [cdk:skip]",
      "Type": "AWS::SSM::Parameter::Value<String>",
    },
  },
  "Resources": {
    "MyLambdaCCE802FB": {
      "DependsOn": [
        "MyLambdaServiceRoleDefaultPolicy5BBC6F68",
        "MyLambdaServiceRole4539ECB6",
      ],
      "Properties": {
        "Code": {
          "S3Bucket": {
            "Fn::Sub": "cdk-hnb659fds-assets-\${AWS::AccountId}-\${AWS::Region}",
          },
          "S3Key": "becc36ee310d32474bc76bce4497d3e813f6c678f68509385c0b284e7088ecde.zip",
        },
        "Environment": {
          "Variables": {
            "AWS_LAMBDA_EXEC_WRAPPER": "/opt/spy-wrapper",
            "AWS_NODEJS_CONNECTION_REUSE_ENABLED": "1",
            "DYNAMODB_TABLE_NAME": {
              "Ref": "MyTable794EDED1",
            },
            "NODE_OPTIONS": "--enable-source-maps",
            "SSPY_DEBUG": "true",
            "SSPY_FUNCTION_NAME": "MyLambda",
            "SSPY_INFRA_MAPPING": "{}",
            "SSPY_ROOT_STACK": "Test",
          },
        },
        "Handler": "index.handler",
        "Layers": [
          {
            "Ref": "ServerlessSpyExtensionEA4873A0",
          },
          {
            "Ref": "ServerlessSpySpyWrapperLayerBE5627BF",
          },
        ],
        "MemorySize": 512,
        "Role": {
          "Fn::GetAtt": [
            "MyLambdaServiceRole4539ECB6",
            "Arn",
          ],
        },
        "Runtime": "nodejs16.x",
        "Timeout": 5,
      },
      "Type": "AWS::Lambda::Function",
    },
    "MyLambdaServiceRole4539ECB6": {
      "Properties": {
        "AssumeRolePolicyDocument": {
          "Statement": [
            {
              "Action": "sts:AssumeRole",
              "Effect": "Allow",
              "Principal": {
                "Service": "lambda.amazonaws.com",
              },
            },
          ],
          "Version": "2012-10-17",
        },
        "ManagedPolicyArns": [
          {
            "Fn::Join": [
              "",
              [
                "arn:",
                {
                  "Ref": "AWS::Partition",
                },
                ":iam::aws:policy/service-role/AWSLambdaBasicExecutionRole",
              ],
            ],
          },
        ],
      },
      "Type": "AWS::IAM::Role",
    },
    "MyLambdaServiceRoleDefaultPolicy5BBC6F68": {
      "Properties": {
        "PolicyDocument": {
          "Statement": [
            {
              "Action": [
                "dynamodb:BatchWriteItem",
                "dynamodb:PutItem",
                "dynamodb:UpdateItem",
                "dynamodb:DeleteItem",
                "dynamodb:DescribeTable",
              ],
              "Effect": "Allow",
              "Resource": [
                {
                  "Fn::GetAtt": [
                    "MyTable794EDED1",
                    "Arn",
                  ],
                },
                {
                  "Ref": "AWS::NoValue",
                },
              ],
            },
            {
              "Action": "iot:*",
              "Effect": "Allow",
              "Resource": "*",
            },
          ],
          "Version": "2012-10-17",
        },
        "PolicyName": "MyLambdaServiceRoleDefaultPolicy5BBC6F68",
        "Roles": [
          {
            "Ref": "MyLambdaServiceRole4539ECB6",
          },
        ],
      },
      "Type": "AWS::IAM::Policy",
    },
    "MyTable794EDED1": {
      "DeletionPolicy": "Retain",
      "Properties": {
        "AttributeDefinitions": [
          {
            "AttributeName": "pk",
            "AttributeType": "S",
          },
        ],
        "BillingMode": "PAY_PER_REQUEST",
        "KeySchema": [
          {
            "AttributeName": "pk",
            "KeyType": "HASH",
          },
        ],
        "StreamSpecification": {
          "StreamViewType": "NEW_AND_OLD_IMAGES",
        },
      },
      "Type": "AWS::DynamoDB::Table",
      "UpdateReplacePolicy": "Retain",
    },
    "ServerlessSpyExtensionEA4873A0": {
      "Properties": {
        "CompatibleArchitectures": [
          "x86_64",
        ],
        "CompatibleRuntimes": [
          "nodejs16.x",
        ],
        "Content": {
          "S3Bucket": {
            "Fn::Sub": "cdk-hnb659fds-assets-\${AWS::AccountId}-\${AWS::Region}",
          },
          "S3Key": "babbb172503f6a6ffc178f8d107bae18937392efdbc57c9a729dd35ef6228e53.zip",
        },
      },
      "Type": "AWS::Lambda::LayerVersion",
    },
    "ServerlessSpySpyWrapperLayerBE5627BF": {
      "Properties": {
        "Content": {
          "S3Bucket": {
            "Fn::Sub": "cdk-hnb659fds-assets-\${AWS::AccountId}-\${AWS::Region}",
          },
          "S3Key": "bf2df0858ecef77ac31b1994b46cd25f69a84fea5d58e9b5e5c6e458c33012f6.zip",
        },
      },
      "Type": "AWS::Lambda::LayerVersion",
    },
    "ServerlessSpySubscription0036DF4AB": {
      "DependsOn": [
        "ServerlessSpySubscription0ServiceRoleDefaultPolicyD8FA77F4",
        "ServerlessSpySubscription0ServiceRoleF955D76C",
      ],
      "Properties": {
        "Code": {
          "S3Bucket": {
            "Fn::Sub": "cdk-hnb659fds-assets-\${AWS::AccountId}-\${AWS::Region}",
          },
          "S3Key": "2fc02cc64fedb8a5c7c3049c58656172132663d36b541073ada7da4078957efa.zip",
        },
        "Environment": {
          "Variables": {
            "AWS_NODEJS_CONNECTION_REUSE_ENABLED": "1",
            "NODE_OPTIONS": "--enable-source-maps",
            "SSPY_INFRA_MAPPING": {
              "Fn::Join": [
                "",
                [
                  "{"",
                  {
                    "Fn::GetAtt": [
                      "MyTable794EDED1",
                      "Arn",
                    ],
                  },
                  "":"DynamoDB#MyTable"}",
                ],
              ],
            },
            "SSPY_ROOT_STACK": "Test",
          },
        },
        "Handler": "index.handler",
        "MemorySize": 512,
        "Role": {
          "Fn::GetAtt": [
            "ServerlessSpySubscription0ServiceRoleF955D76C",
            "Arn",
          ],
        },
        "Runtime": "nodejs18.x",
        "Timeout": 5,
      },
      "Type": "AWS::Lambda::Function",
    },
    "ServerlessSpySubscription0DynamoDBEventSourceTestMyTableFA18AF5FBAD5ECE5": {
      "Properties": {
        "BatchSize": 1,
        "EventSourceArn": {
          "Fn::GetAtt": [
            "MyTable794EDED1",
            "StreamArn",
          ],
        },
        "FunctionName": {
          "Ref": "ServerlessSpySubscription0036DF4AB",
        },
        "MaximumRetryAttempts": 0,
        "StartingPosition": "LATEST",
      },
      "Type": "AWS::Lambda::EventSourceMapping",
    },
    "ServerlessSpySubscription0ServiceRoleDefaultPolicyD8FA77F4": {
      "Properties": {
        "PolicyDocument": {
          "Statement": [
            {
              "Action": "iot:*",
              "Effect": "Allow",
              "Resource": "*",
            },
            {
              "Action": "dynamodb:ListStreams",
              "Effect": "Allow",
              "Resource": "*",
            },
            {
              "Action": [
                "dynamodb:DescribeStream",
                "dynamodb:GetRecords",
                "dynamodb:GetShardIterator",
              ],
              "Effect": "Allow",
              "Resource": {
                "Fn::GetAtt": [
                  "MyTable794EDED1",
                  "StreamArn",
                ],
              },
            },
          ],
          "Version": "2012-10-17",
        },
        "PolicyName": "ServerlessSpySubscription0ServiceRoleDefaultPolicyD8FA77F4",
        "Roles": [
          {
            "Ref": "ServerlessSpySubscription0ServiceRoleF955D76C",
          },
        ],
      },
      "Type": "AWS::IAM::Policy",
    },
    "ServerlessSpySubscription0ServiceRoleF955D76C": {
      "Properties": {
        "AssumeRolePolicyDocument": {
          "Statement": [
            {
              "Action": "sts:AssumeRole",
              "Effect": "Allow",
              "Principal": {
                "Service": "lambda.amazonaws.com",
              },
            },
          ],
          "Version": "2012-10-17",
        },
        "ManagedPolicyArns": [
          {
            "Fn::Join": [
              "",
              [
                "arn:",
                {
                  "Ref": "AWS::Partition",
                },
                ":iam::aws:policy/service-role/AWSLambdaBasicExecutionRole",
              ],
            ],
          },
        ],
      },
      "Type": "AWS::IAM::Role",
    },
  },
  "Rules": {
    "CheckBootstrapVersion": {
      "Assertions": [
        {
          "Assert": {
            "Fn::Not": [
              {
                "Fn::Contains": [
                  [
                    "1",
                    "2",
                    "3",
                    "4",
                    "5",
                  ],
                  {
                    "Ref": "BootstrapVersion",
                  },
                ],
              },
            ],
          },
          "AssertDescription": "CDK bootstrap stack version 6 required. Please run 'cdk bootstrap' with a recent version of the CDK CLI.",
        },
      ],
    },
  },
}
`;
