// Jest Snapshot v1, https://goo.gl/fbAQLP

exports[`SNS to SQS Snapshot 1`] = `
Object {
  "Outputs": Object {
    "ServerlessSpyWsUrl": Object {
      "Value": Object {
        "Fn::Join": Array [
          "",
          Array [
            "wss://",
            Object {
              "Ref": "ServerlessSpyApiGwWebSocketB4986709",
            },
            ".execute-api.",
            Object {
              "Ref": "AWS::Region",
            },
            ".amazonaws.com/prod",
          ],
        ],
      },
    },
    "SnsTopicArnMyTopic": Object {
      "Value": Object {
        "Ref": "MyTopic86869434",
      },
    },
  },
  "Parameters": Object {
    "BootstrapVersion": Object {
      "Default": "/cdk-bootstrap/hnb659fds/version",
      "Description": "Version of the CDK Bootstrap resources in this environment, automatically retrieved from SSM Parameter Store. [cdk:skip]",
      "Type": "AWS::SSM::Parameter::Value<String>",
    },
  },
  "Resources": Object {
    "MyLambdaAllowInvokeTestMyTopic06942AEA77ADE5E7": Object {
      "Properties": Object {
        "Action": "lambda:InvokeFunction",
        "FunctionName": Object {
          "Fn::GetAtt": Array [
            "MyLambdaCCE802FB",
            "Arn",
          ],
        },
        "Principal": "sns.amazonaws.com",
        "SourceArn": Object {
          "Ref": "MyTopic86869434",
        },
      },
      "Type": "AWS::Lambda::Permission",
    },
    "MyLambdaCCE802FB": Object {
      "DependsOn": Array [
        "MyLambdaServiceRoleDefaultPolicy5BBC6F68",
        "MyLambdaServiceRole4539ECB6",
      ],
      "Properties": Object {
        "Code": Object {
          "S3Bucket": Object {
            "Fn::Sub": "cdk-hnb659fds-assets-\${AWS::AccountId}-\${AWS::Region}",
          },
          "S3Key": "798d95ca5ea9167fe4c020efbb7df9d7998800b0911757a1ea86cfe4b8fc2c2f.zip",
        },
        "Environment": Object {
          "Variables": Object {
            "AWS_LAMBDA_EXEC_WRAPPER": "/opt/spy-wrapper",
            "AWS_NODEJS_CONNECTION_REUSE_ENABLED": "1",
            "NODE_OPTIONS": "--enable-source-maps",
            "SSPY_DEBUG": "true",
            "SSPY_FUNCTION_NAME": "MyLambda",
            "SSPY_INFRA_MAPPING": "{}",
            "SSPY_WS_ENDPOINT": Object {
              "Fn::Join": Array [
                "",
                Array [
                  "https://",
                  Object {
                    "Ref": "ServerlessSpyApiGwWebSocketB4986709",
                  },
                  ".execute-api.",
                  Object {
                    "Ref": "AWS::Region",
                  },
                  ".amazonaws.com/prod",
                ],
              ],
            },
            "SSPY_WS_TABLE_NAME": Object {
              "Ref": "ServerlessSpyWebSocketB4D8CE14",
            },
          },
        },
        "Handler": "index.handler",
        "Layers": Array [
          Object {
            "Ref": "ServerlessSpyExtensionEA4873A0",
          },
        ],
        "MemorySize": 512,
        "Role": Object {
          "Fn::GetAtt": Array [
            "MyLambdaServiceRole4539ECB6",
            "Arn",
          ],
        },
        "Runtime": "nodejs16.x",
        "Timeout": 5,
      },
      "Type": "AWS::Lambda::Function",
    },
    "MyLambdaMyTopicA81E02FD": Object {
      "Properties": Object {
        "Endpoint": Object {
          "Fn::GetAtt": Array [
            "MyLambdaCCE802FB",
            "Arn",
          ],
        },
        "Protocol": "lambda",
        "TopicArn": Object {
          "Ref": "MyTopic86869434",
        },
      },
      "Type": "AWS::SNS::Subscription",
    },
    "MyLambdaServiceRole4539ECB6": Object {
      "Properties": Object {
        "AssumeRolePolicyDocument": Object {
          "Statement": Array [
            Object {
              "Action": "sts:AssumeRole",
              "Effect": "Allow",
              "Principal": Object {
                "Service": "lambda.amazonaws.com",
              },
            },
          ],
          "Version": "2012-10-17",
        },
        "ManagedPolicyArns": Array [
          Object {
            "Fn::Join": Array [
              "",
              Array [
                "arn:",
                Object {
                  "Ref": "AWS::Partition",
                },
                ":iam::aws:policy/service-role/AWSLambdaBasicExecutionRole",
              ],
            ],
          },
        ],
      },
      "Type": "AWS::IAM::Role",
    },
    "MyLambdaServiceRoleDefaultPolicy5BBC6F68": Object {
      "Properties": Object {
        "PolicyDocument": Object {
          "Statement": Array [
            Object {
              "Action": Array [
                "dynamodb:BatchWriteItem",
                "dynamodb:PutItem",
                "dynamodb:UpdateItem",
                "dynamodb:DeleteItem",
                "dynamodb:DescribeTable",
              ],
              "Effect": "Allow",
              "Resource": Array [
                Object {
                  "Fn::GetAtt": Array [
                    "ServerlessSpyWebSocketB4D8CE14",
                    "Arn",
                  ],
                },
                Object {
                  "Ref": "AWS::NoValue",
                },
              ],
            },
            Object {
              "Action": Array [
                "dynamodb:BatchGetItem",
                "dynamodb:GetRecords",
                "dynamodb:GetShardIterator",
                "dynamodb:Query",
                "dynamodb:GetItem",
                "dynamodb:Scan",
                "dynamodb:ConditionCheckItem",
                "dynamodb:DescribeTable",
              ],
              "Effect": "Allow",
              "Resource": Array [
                Object {
                  "Fn::GetAtt": Array [
                    "ServerlessSpyWebSocketB4D8CE14",
                    "Arn",
                  ],
                },
                Object {
                  "Ref": "AWS::NoValue",
                },
              ],
            },
            Object {
              "Action": "execute-api:ManageConnections",
              "Effect": "Allow",
              "Resource": Object {
                "Fn::Join": Array [
                  "",
                  Array [
                    "arn:",
                    Object {
                      "Ref": "AWS::Partition",
                    },
                    ":execute-api:",
                    Object {
                      "Ref": "AWS::Region",
                    },
                    ":",
                    Object {
                      "Ref": "AWS::AccountId",
                    },
                    ":",
                    Object {
                      "Ref": "ServerlessSpyApiGwWebSocketB4986709",
                    },
                    "/*/*/@connections/*",
                  ],
                ],
              },
            },
          ],
          "Version": "2012-10-17",
        },
        "PolicyName": "MyLambdaServiceRoleDefaultPolicy5BBC6F68",
        "Roles": Array [
          Object {
            "Ref": "MyLambdaServiceRole4539ECB6",
          },
        ],
      },
      "Type": "AWS::IAM::Policy",
    },
    "MyTopic86869434": Object {
      "Type": "AWS::SNS::Topic",
    },
    "ServerlessSpyApiGwWebSocketB4986709": Object {
      "Properties": Object {
        "Name": "ApiGwWebSocket",
        "ProtocolType": "WEBSOCKET",
        "RouteSelectionExpression": "$request.body.action",
      },
      "Type": "AWS::ApiGatewayV2::Api",
    },
    "ServerlessSpyApiGwWebSocketStageC331FC25": Object {
      "Properties": Object {
        "ApiId": Object {
          "Ref": "ServerlessSpyApiGwWebSocketB4986709",
        },
        "AutoDeploy": true,
        "StageName": "prod",
      },
      "Type": "AWS::ApiGatewayV2::Stage",
    },
    "ServerlessSpyApiGwWebSocketconnectRoute312F1B97": Object {
      "Properties": Object {
        "ApiId": Object {
          "Ref": "ServerlessSpyApiGwWebSocketB4986709",
        },
        "AuthorizationType": "AWS_IAM",
        "RouteKey": "$connect",
        "Target": Object {
          "Fn::Join": Array [
            "",
            Array [
              "integrations/",
              Object {
                "Ref": "ServerlessSpyApiGwWebSocketconnectRouteconnectD0BB4267",
              },
            ],
          ],
        },
      },
      "Type": "AWS::ApiGatewayV2::Route",
    },
    "ServerlessSpyApiGwWebSocketconnectRouteconnectD0BB4267": Object {
      "Properties": Object {
        "ApiId": Object {
          "Ref": "ServerlessSpyApiGwWebSocketB4986709",
        },
        "IntegrationType": "AWS_PROXY",
        "IntegrationUri": Object {
          "Fn::Join": Array [
            "",
            Array [
              "arn:",
              Object {
                "Ref": "AWS::Partition",
              },
              ":apigateway:",
              Object {
                "Ref": "AWS::Region",
              },
              ":lambda:path/2015-03-31/functions/",
              Object {
                "Fn::GetAtt": Array [
                  "ServerlessSpyOnConnect645F94AB",
                  "Arn",
                ],
              },
              "/invocations",
            ],
          ],
        },
      },
      "Type": "AWS::ApiGatewayV2::Integration",
    },
    "ServerlessSpyApiGwWebSocketconnectRouteconnectPermission0ECF9CDC": Object {
      "Properties": Object {
        "Action": "lambda:InvokeFunction",
        "FunctionName": Object {
          "Fn::GetAtt": Array [
            "ServerlessSpyOnConnect645F94AB",
            "Arn",
          ],
        },
        "Principal": "apigateway.amazonaws.com",
        "SourceArn": Object {
          "Fn::Join": Array [
            "",
            Array [
              "arn:",
              Object {
                "Ref": "AWS::Partition",
              },
              ":execute-api:",
              Object {
                "Ref": "AWS::Region",
              },
              ":",
              Object {
                "Ref": "AWS::AccountId",
              },
              ":",
              Object {
                "Ref": "ServerlessSpyApiGwWebSocketB4986709",
              },
              "/*/*$connect",
            ],
          ],
        },
      },
      "Type": "AWS::Lambda::Permission",
    },
    "ServerlessSpyApiGwWebSocketdisconnectRoute1A0A3B9C": Object {
      "Properties": Object {
        "ApiId": Object {
          "Ref": "ServerlessSpyApiGwWebSocketB4986709",
        },
        "AuthorizationType": "NONE",
        "RouteKey": "$disconnect",
        "Target": Object {
          "Fn::Join": Array [
            "",
            Array [
              "integrations/",
              Object {
                "Ref": "ServerlessSpyApiGwWebSocketdisconnectRoutedisconnect27020FD4",
              },
            ],
          ],
        },
      },
      "Type": "AWS::ApiGatewayV2::Route",
    },
    "ServerlessSpyApiGwWebSocketdisconnectRoutedisconnect27020FD4": Object {
      "Properties": Object {
        "ApiId": Object {
          "Ref": "ServerlessSpyApiGwWebSocketB4986709",
        },
        "IntegrationType": "AWS_PROXY",
        "IntegrationUri": Object {
          "Fn::Join": Array [
            "",
            Array [
              "arn:",
              Object {
                "Ref": "AWS::Partition",
              },
              ":apigateway:",
              Object {
                "Ref": "AWS::Region",
              },
              ":lambda:path/2015-03-31/functions/",
              Object {
                "Fn::GetAtt": Array [
                  "ServerlessSpyOnDisconnect798FB62E",
                  "Arn",
                ],
              },
              "/invocations",
            ],
          ],
        },
      },
      "Type": "AWS::ApiGatewayV2::Integration",
    },
    "ServerlessSpyApiGwWebSocketdisconnectRoutedisconnectPermission49C4B30D": Object {
      "Properties": Object {
        "Action": "lambda:InvokeFunction",
        "FunctionName": Object {
          "Fn::GetAtt": Array [
            "ServerlessSpyOnDisconnect798FB62E",
            "Arn",
          ],
        },
        "Principal": "apigateway.amazonaws.com",
        "SourceArn": Object {
          "Fn::Join": Array [
            "",
            Array [
              "arn:",
              Object {
                "Ref": "AWS::Partition",
              },
              ":execute-api:",
              Object {
                "Ref": "AWS::Region",
              },
              ":",
              Object {
                "Ref": "AWS::AccountId",
              },
              ":",
              Object {
                "Ref": "ServerlessSpyApiGwWebSocketB4986709",
              },
              "/*/*$disconnect",
            ],
          ],
        },
      },
      "Type": "AWS::Lambda::Permission",
    },
    "ServerlessSpyApiGwWebSocketsendmessageRouteCA382280": Object {
      "Properties": Object {
        "ApiId": Object {
          "Ref": "ServerlessSpyApiGwWebSocketB4986709",
        },
        "AuthorizationType": "NONE",
        "RouteKey": "sendmessage",
        "Target": Object {
          "Fn::Join": Array [
            "",
            Array [
              "integrations/",
              Object {
                "Ref": "ServerlessSpyApiGwWebSocketsendmessageRouteSendMessage655C76E3",
              },
            ],
          ],
        },
      },
      "Type": "AWS::ApiGatewayV2::Route",
    },
    "ServerlessSpyApiGwWebSocketsendmessageRouteSendMessage655C76E3": Object {
      "Properties": Object {
        "ApiId": Object {
          "Ref": "ServerlessSpyApiGwWebSocketB4986709",
        },
        "IntegrationType": "AWS_PROXY",
        "IntegrationUri": Object {
          "Fn::Join": Array [
            "",
            Array [
              "arn:",
              Object {
                "Ref": "AWS::Partition",
              },
              ":apigateway:",
              Object {
                "Ref": "AWS::Region",
              },
              ":lambda:path/2015-03-31/functions/",
              Object {
                "Fn::GetAtt": Array [
                  "ServerlessSpySubscription0036DF4AB",
                  "Arn",
                ],
              },
              "/invocations",
            ],
          ],
        },
      },
      "Type": "AWS::ApiGatewayV2::Integration",
    },
    "ServerlessSpyApiGwWebSocketsendmessageRouteSendMessagePermission603B5AE9": Object {
      "Properties": Object {
        "Action": "lambda:InvokeFunction",
        "FunctionName": Object {
          "Fn::GetAtt": Array [
            "ServerlessSpySubscription0036DF4AB",
            "Arn",
          ],
        },
        "Principal": "apigateway.amazonaws.com",
        "SourceArn": Object {
          "Fn::Join": Array [
            "",
            Array [
              "arn:",
              Object {
                "Ref": "AWS::Partition",
              },
              ":execute-api:",
              Object {
                "Ref": "AWS::Region",
              },
              ":",
              Object {
                "Ref": "AWS::AccountId",
              },
              ":",
              Object {
                "Ref": "ServerlessSpyApiGwWebSocketB4986709",
              },
              "/*/*sendmessage",
            ],
          ],
        },
      },
      "Type": "AWS::Lambda::Permission",
    },
    "ServerlessSpyExtensionEA4873A0": Object {
      "Properties": Object {
        "CompatibleRuntimes": Array [
          "nodejs12.x",
          "nodejs14.x",
          "nodejs16.x",
        ],
        "Content": Object {
          "S3Bucket": Object {
            "Fn::Sub": "cdk-hnb659fds-assets-\${AWS::AccountId}-\${AWS::Region}",
          },
          "S3Key": "2b5a2af79e9a77e8c4f5959b31d4e1d644e5d723a693a3fc8d80789289c6517e.zip",
        },
      },
      "Type": "AWS::Lambda::LayerVersion",
    },
    "ServerlessSpyOnConnect645F94AB": Object {
      "DependsOn": Array [
        "ServerlessSpyOnConnectServiceRoleDefaultPolicy3DA62E46",
        "ServerlessSpyOnConnectServiceRoleFC57701A",
      ],
      "Properties": Object {
        "Code": Object {
          "S3Bucket": Object {
            "Fn::Sub": "cdk-hnb659fds-assets-\${AWS::AccountId}-\${AWS::Region}",
          },
          "S3Key": "5657c343ac5aa80d8849c8052b4cb33556ab821cb989c63837b55b365c1f9878.zip",
        },
        "Environment": Object {
          "Variables": Object {
            "AWS_NODEJS_CONNECTION_REUSE_ENABLED": "1",
            "NODE_OPTIONS": "--enable-source-maps",
            "SSPY_DEBUG": "true",
            "SSPY_WS_TABLE_NAME": Object {
              "Ref": "ServerlessSpyWebSocketB4D8CE14",
            },
          },
        },
        "Handler": "index.handler",
        "MemorySize": 512,
        "Role": Object {
          "Fn::GetAtt": Array [
            "ServerlessSpyOnConnectServiceRoleFC57701A",
            "Arn",
          ],
        },
        "Runtime": "nodejs16.x",
        "Timeout": 5,
      },
      "Type": "AWS::Lambda::Function",
    },
    "ServerlessSpyOnConnectServiceRoleDefaultPolicy3DA62E46": Object {
      "Properties": Object {
        "PolicyDocument": Object {
          "Statement": Array [
            Object {
              "Action": Array [
                "dynamodb:BatchWriteItem",
                "dynamodb:PutItem",
                "dynamodb:UpdateItem",
                "dynamodb:DeleteItem",
                "dynamodb:DescribeTable",
              ],
              "Effect": "Allow",
              "Resource": Array [
                Object {
                  "Fn::GetAtt": Array [
                    "ServerlessSpyWebSocketB4D8CE14",
                    "Arn",
                  ],
                },
                Object {
                  "Ref": "AWS::NoValue",
                },
              ],
            },
          ],
          "Version": "2012-10-17",
        },
        "PolicyName": "ServerlessSpyOnConnectServiceRoleDefaultPolicy3DA62E46",
        "Roles": Array [
          Object {
            "Ref": "ServerlessSpyOnConnectServiceRoleFC57701A",
          },
        ],
      },
      "Type": "AWS::IAM::Policy",
    },
    "ServerlessSpyOnConnectServiceRoleFC57701A": Object {
      "Properties": Object {
        "AssumeRolePolicyDocument": Object {
          "Statement": Array [
            Object {
              "Action": "sts:AssumeRole",
              "Effect": "Allow",
              "Principal": Object {
                "Service": "lambda.amazonaws.com",
              },
            },
          ],
          "Version": "2012-10-17",
        },
        "ManagedPolicyArns": Array [
          Object {
            "Fn::Join": Array [
              "",
              Array [
                "arn:",
                Object {
                  "Ref": "AWS::Partition",
                },
                ":iam::aws:policy/service-role/AWSLambdaBasicExecutionRole",
              ],
            ],
          },
        ],
      },
      "Type": "AWS::IAM::Role",
    },
    "ServerlessSpyOnDisconnect798FB62E": Object {
      "DependsOn": Array [
        "ServerlessSpyOnDisconnectServiceRoleDefaultPolicy908DBF32",
        "ServerlessSpyOnDisconnectServiceRoleD2185195",
      ],
      "Properties": Object {
        "Code": Object {
          "S3Bucket": Object {
            "Fn::Sub": "cdk-hnb659fds-assets-\${AWS::AccountId}-\${AWS::Region}",
          },
          "S3Key": "33704ba92bab46137c5e2ab3d5709aff2c38060e82048b4a609007599a8ff8f0.zip",
        },
        "Environment": Object {
          "Variables": Object {
            "AWS_NODEJS_CONNECTION_REUSE_ENABLED": "1",
            "NODE_OPTIONS": "--enable-source-maps",
            "SSPY_DEBUG": "true",
            "SSPY_WS_TABLE_NAME": Object {
              "Ref": "ServerlessSpyWebSocketB4D8CE14",
            },
          },
        },
        "Handler": "index.handler",
        "MemorySize": 512,
        "Role": Object {
          "Fn::GetAtt": Array [
            "ServerlessSpyOnDisconnectServiceRoleD2185195",
            "Arn",
          ],
        },
        "Runtime": "nodejs16.x",
        "Timeout": 5,
      },
      "Type": "AWS::Lambda::Function",
    },
    "ServerlessSpyOnDisconnectServiceRoleD2185195": Object {
      "Properties": Object {
        "AssumeRolePolicyDocument": Object {
          "Statement": Array [
            Object {
              "Action": "sts:AssumeRole",
              "Effect": "Allow",
              "Principal": Object {
                "Service": "lambda.amazonaws.com",
              },
            },
          ],
          "Version": "2012-10-17",
        },
        "ManagedPolicyArns": Array [
          Object {
            "Fn::Join": Array [
              "",
              Array [
                "arn:",
                Object {
                  "Ref": "AWS::Partition",
                },
                ":iam::aws:policy/service-role/AWSLambdaBasicExecutionRole",
              ],
            ],
          },
        ],
      },
      "Type": "AWS::IAM::Role",
    },
    "ServerlessSpyOnDisconnectServiceRoleDefaultPolicy908DBF32": Object {
      "Properties": Object {
        "PolicyDocument": Object {
          "Statement": Array [
            Object {
              "Action": Array [
                "dynamodb:BatchWriteItem",
                "dynamodb:PutItem",
                "dynamodb:UpdateItem",
                "dynamodb:DeleteItem",
                "dynamodb:DescribeTable",
              ],
              "Effect": "Allow",
              "Resource": Array [
                Object {
                  "Fn::GetAtt": Array [
                    "ServerlessSpyWebSocketB4D8CE14",
                    "Arn",
                  ],
                },
                Object {
                  "Ref": "AWS::NoValue",
                },
              ],
            },
          ],
          "Version": "2012-10-17",
        },
        "PolicyName": "ServerlessSpyOnDisconnectServiceRoleDefaultPolicy908DBF32",
        "Roles": Array [
          Object {
            "Ref": "ServerlessSpyOnDisconnectServiceRoleD2185195",
          },
        ],
      },
      "Type": "AWS::IAM::Policy",
    },
    "ServerlessSpySubscription0036DF4AB": Object {
      "DependsOn": Array [
        "ServerlessSpySubscription0ServiceRoleDefaultPolicyD8FA77F4",
        "ServerlessSpySubscription0ServiceRoleF955D76C",
      ],
      "Properties": Object {
        "Code": Object {
          "S3Bucket": Object {
            "Fn::Sub": "cdk-hnb659fds-assets-\${AWS::AccountId}-\${AWS::Region}",
          },
          "S3Key": "9b4a77b65b7b3070351c0c6ba76d6306812290f19e1615ec5f7bc3dc9f60a67f.zip",
        },
        "Environment": Object {
          "Variables": Object {
            "AWS_NODEJS_CONNECTION_REUSE_ENABLED": "1",
            "NODE_OPTIONS": "--enable-source-maps",
            "SSPY_INFRA_MAPPING": Object {
              "Fn::Join": Array [
                "",
                Array [
                  "{\\"",
                  Object {
                    "Ref": "MyTopic86869434",
                  },
                  "\\":\\"SnsTopic#MyTopic\\"}",
                ],
              ],
            },
            "SSPY_WS_ENDPOINT": Object {
              "Fn::Join": Array [
                "",
                Array [
                  "https://",
                  Object {
                    "Ref": "ServerlessSpyApiGwWebSocketB4986709",
                  },
                  ".execute-api.",
                  Object {
                    "Ref": "AWS::Region",
                  },
                  ".amazonaws.com/prod",
                ],
              ],
            },
            "SSPY_WS_TABLE_NAME": Object {
              "Ref": "ServerlessSpyWebSocketB4D8CE14",
            },
          },
        },
        "Handler": "index.handler",
        "MemorySize": 512,
        "Role": Object {
          "Fn::GetAtt": Array [
            "ServerlessSpySubscription0ServiceRoleF955D76C",
            "Arn",
          ],
        },
        "Runtime": "nodejs16.x",
        "Timeout": 5,
      },
      "Type": "AWS::Lambda::Function",
    },
    "ServerlessSpySubscription0AllowInvokeTestMyTopic06942AEAB4AEE620": Object {
      "Properties": Object {
        "Action": "lambda:InvokeFunction",
        "FunctionName": Object {
          "Fn::GetAtt": Array [
            "ServerlessSpySubscription0036DF4AB",
            "Arn",
          ],
        },
        "Principal": "sns.amazonaws.com",
        "SourceArn": Object {
          "Ref": "MyTopic86869434",
        },
      },
      "Type": "AWS::Lambda::Permission",
    },
    "ServerlessSpySubscription0MyTopic191FC9F5": Object {
      "Properties": Object {
        "Endpoint": Object {
          "Fn::GetAtt": Array [
            "ServerlessSpySubscription0036DF4AB",
            "Arn",
          ],
        },
        "Protocol": "lambda",
        "TopicArn": Object {
          "Ref": "MyTopic86869434",
        },
      },
      "Type": "AWS::SNS::Subscription",
    },
    "ServerlessSpySubscription0ServiceRoleDefaultPolicyD8FA77F4": Object {
      "Properties": Object {
        "PolicyDocument": Object {
          "Statement": Array [
            Object {
              "Action": Array [
                "dynamodb:BatchWriteItem",
                "dynamodb:PutItem",
                "dynamodb:UpdateItem",
                "dynamodb:DeleteItem",
                "dynamodb:DescribeTable",
              ],
              "Effect": "Allow",
              "Resource": Array [
                Object {
                  "Fn::GetAtt": Array [
                    "ServerlessSpyWebSocketB4D8CE14",
                    "Arn",
                  ],
                },
                Object {
                  "Ref": "AWS::NoValue",
                },
              ],
            },
            Object {
              "Action": Array [
                "dynamodb:BatchGetItem",
                "dynamodb:GetRecords",
                "dynamodb:GetShardIterator",
                "dynamodb:Query",
                "dynamodb:GetItem",
                "dynamodb:Scan",
                "dynamodb:ConditionCheckItem",
                "dynamodb:DescribeTable",
              ],
              "Effect": "Allow",
              "Resource": Array [
                Object {
                  "Fn::GetAtt": Array [
                    "ServerlessSpyWebSocketB4D8CE14",
                    "Arn",
                  ],
                },
                Object {
                  "Ref": "AWS::NoValue",
                },
              ],
            },
            Object {
              "Action": "execute-api:ManageConnections",
              "Effect": "Allow",
              "Resource": Object {
                "Fn::Join": Array [
                  "",
                  Array [
                    "arn:",
                    Object {
                      "Ref": "AWS::Partition",
                    },
                    ":execute-api:",
                    Object {
                      "Ref": "AWS::Region",
                    },
                    ":",
                    Object {
                      "Ref": "AWS::AccountId",
                    },
                    ":",
                    Object {
                      "Ref": "ServerlessSpyApiGwWebSocketB4986709",
                    },
                    "/*/*/@connections/*",
                  ],
                ],
              },
            },
          ],
          "Version": "2012-10-17",
        },
        "PolicyName": "ServerlessSpySubscription0ServiceRoleDefaultPolicyD8FA77F4",
        "Roles": Array [
          Object {
            "Ref": "ServerlessSpySubscription0ServiceRoleF955D76C",
          },
        ],
      },
      "Type": "AWS::IAM::Policy",
    },
    "ServerlessSpySubscription0ServiceRoleF955D76C": Object {
      "Properties": Object {
        "AssumeRolePolicyDocument": Object {
          "Statement": Array [
            Object {
              "Action": "sts:AssumeRole",
              "Effect": "Allow",
              "Principal": Object {
                "Service": "lambda.amazonaws.com",
              },
            },
          ],
          "Version": "2012-10-17",
        },
        "ManagedPolicyArns": Array [
          Object {
            "Fn::Join": Array [
              "",
              Array [
                "arn:",
                Object {
                  "Ref": "AWS::Partition",
                },
                ":iam::aws:policy/service-role/AWSLambdaBasicExecutionRole",
              ],
            ],
          },
        ],
      },
      "Type": "AWS::IAM::Role",
    },
    "ServerlessSpySubscription13C6B2B7D": Object {
      "DependsOn": Array [
        "ServerlessSpySubscription1ServiceRoleDefaultPolicyB2E063F5",
        "ServerlessSpySubscription1ServiceRoleCB639294",
      ],
      "Properties": Object {
        "Code": Object {
          "S3Bucket": Object {
            "Fn::Sub": "cdk-hnb659fds-assets-\${AWS::AccountId}-\${AWS::Region}",
          },
          "S3Key": "9b4a77b65b7b3070351c0c6ba76d6306812290f19e1615ec5f7bc3dc9f60a67f.zip",
        },
        "Environment": Object {
          "Variables": Object {
            "AWS_NODEJS_CONNECTION_REUSE_ENABLED": "1",
            "NODE_OPTIONS": "--enable-source-maps",
            "SSPY_INFRA_MAPPING": Object {
              "Fn::Join": Array [
                "",
                Array [
                  "{\\"",
                  Object {
                    "Ref": "MyTopic86869434",
                  },
                  "\\":\\"SnsSubscription#MyTopic#MyLambda\\"}",
                ],
              ],
            },
            "SSPY_WS_ENDPOINT": Object {
              "Fn::Join": Array [
                "",
                Array [
                  "https://",
                  Object {
                    "Ref": "ServerlessSpyApiGwWebSocketB4986709",
                  },
                  ".execute-api.",
                  Object {
                    "Ref": "AWS::Region",
                  },
                  ".amazonaws.com/prod",
                ],
              ],
            },
            "SSPY_WS_TABLE_NAME": Object {
              "Ref": "ServerlessSpyWebSocketB4D8CE14",
            },
          },
        },
        "Handler": "index.handler",
        "MemorySize": 512,
        "Role": Object {
          "Fn::GetAtt": Array [
            "ServerlessSpySubscription1ServiceRoleCB639294",
            "Arn",
          ],
        },
        "Runtime": "nodejs16.x",
        "Timeout": 5,
      },
      "Type": "AWS::Lambda::Function",
    },
    "ServerlessSpySubscription1AllowInvokeTestMyTopic06942AEAED481931": Object {
      "Properties": Object {
        "Action": "lambda:InvokeFunction",
        "FunctionName": Object {
          "Fn::GetAtt": Array [
            "ServerlessSpySubscription13C6B2B7D",
            "Arn",
          ],
        },
        "Principal": "sns.amazonaws.com",
        "SourceArn": Object {
          "Ref": "MyTopic86869434",
        },
      },
      "Type": "AWS::Lambda::Permission",
    },
    "ServerlessSpySubscription1MyTopic98E4131B": Object {
      "Properties": Object {
        "Endpoint": Object {
          "Fn::GetAtt": Array [
            "ServerlessSpySubscription13C6B2B7D",
            "Arn",
          ],
        },
        "Protocol": "lambda",
        "TopicArn": Object {
          "Ref": "MyTopic86869434",
        },
      },
      "Type": "AWS::SNS::Subscription",
    },
    "ServerlessSpySubscription1ServiceRoleCB639294": Object {
      "Properties": Object {
        "AssumeRolePolicyDocument": Object {
          "Statement": Array [
            Object {
              "Action": "sts:AssumeRole",
              "Effect": "Allow",
              "Principal": Object {
                "Service": "lambda.amazonaws.com",
              },
            },
          ],
          "Version": "2012-10-17",
        },
        "ManagedPolicyArns": Array [
          Object {
            "Fn::Join": Array [
              "",
              Array [
                "arn:",
                Object {
                  "Ref": "AWS::Partition",
                },
                ":iam::aws:policy/service-role/AWSLambdaBasicExecutionRole",
              ],
            ],
          },
        ],
      },
      "Type": "AWS::IAM::Role",
    },
    "ServerlessSpySubscription1ServiceRoleDefaultPolicyB2E063F5": Object {
      "Properties": Object {
        "PolicyDocument": Object {
          "Statement": Array [
            Object {
              "Action": Array [
                "dynamodb:BatchWriteItem",
                "dynamodb:PutItem",
                "dynamodb:UpdateItem",
                "dynamodb:DeleteItem",
                "dynamodb:DescribeTable",
              ],
              "Effect": "Allow",
              "Resource": Array [
                Object {
                  "Fn::GetAtt": Array [
                    "ServerlessSpyWebSocketB4D8CE14",
                    "Arn",
                  ],
                },
                Object {
                  "Ref": "AWS::NoValue",
                },
              ],
            },
            Object {
              "Action": Array [
                "dynamodb:BatchGetItem",
                "dynamodb:GetRecords",
                "dynamodb:GetShardIterator",
                "dynamodb:Query",
                "dynamodb:GetItem",
                "dynamodb:Scan",
                "dynamodb:ConditionCheckItem",
                "dynamodb:DescribeTable",
              ],
              "Effect": "Allow",
              "Resource": Array [
                Object {
                  "Fn::GetAtt": Array [
                    "ServerlessSpyWebSocketB4D8CE14",
                    "Arn",
                  ],
                },
                Object {
                  "Ref": "AWS::NoValue",
                },
              ],
            },
            Object {
              "Action": "execute-api:ManageConnections",
              "Effect": "Allow",
              "Resource": Object {
                "Fn::Join": Array [
                  "",
                  Array [
                    "arn:",
                    Object {
                      "Ref": "AWS::Partition",
                    },
                    ":execute-api:",
                    Object {
                      "Ref": "AWS::Region",
                    },
                    ":",
                    Object {
                      "Ref": "AWS::AccountId",
                    },
                    ":",
                    Object {
                      "Ref": "ServerlessSpyApiGwWebSocketB4986709",
                    },
                    "/*/*/@connections/*",
                  ],
                ],
              },
            },
          ],
          "Version": "2012-10-17",
        },
        "PolicyName": "ServerlessSpySubscription1ServiceRoleDefaultPolicyB2E063F5",
        "Roles": Array [
          Object {
            "Ref": "ServerlessSpySubscription1ServiceRoleCB639294",
          },
        ],
      },
      "Type": "AWS::IAM::Policy",
    },
    "ServerlessSpyWebSocketB4D8CE14": Object {
      "DeletionPolicy": "Retain",
      "Properties": Object {
        "AttributeDefinitions": Array [
          Object {
            "AttributeName": "connectionId",
            "AttributeType": "S",
          },
        ],
        "BillingMode": "PAY_PER_REQUEST",
        "KeySchema": Array [
          Object {
            "AttributeName": "connectionId",
            "KeyType": "HASH",
          },
        ],
      },
      "Type": "AWS::DynamoDB::Table",
      "UpdateReplacePolicy": "Retain",
    },
  },
  "Rules": Object {
    "CheckBootstrapVersion": Object {
      "Assertions": Array [
        Object {
          "Assert": Object {
            "Fn::Not": Array [
              Object {
                "Fn::Contains": Array [
                  Array [
                    "1",
                    "2",
                    "3",
                    "4",
                    "5",
                  ],
                  Object {
                    "Ref": "BootstrapVersion",
                  },
                ],
              },
            ],
          },
          "AssertDescription": "CDK bootstrap stack version 6 required. Please run 'cdk bootstrap' with a recent version of the CDK CLI.",
        },
      ],
    },
  },
}
`;
