// Jest Snapshot v1, https://goo.gl/fbAQLP

exports[`SNS to Lambda Snapshot 1`] = `
{
  "Outputs": {
    "SnsTopicArnMyTopic": {
      "Value": {
        "Ref": "MyTopic86869434",
      },
    },
  },
  "Parameters": {
    "BootstrapVersion": {
      "Default": "/cdk-bootstrap/hnb659fds/version",
      "Description": "Version of the CDK Bootstrap resources in this environment, automatically retrieved from SSM Parameter Store. [cdk:skip]",
      "Type": "AWS::SSM::Parameter::Value<String>",
    },
  },
  "Resources": {
    "MyLambdaAllowInvokeTestMyTopic06942AEA77ADE5E7": {
      "Properties": {
        "Action": "lambda:InvokeFunction",
        "FunctionName": {
          "Fn::GetAtt": [
            "MyLambdaCCE802FB",
            "Arn",
          ],
        },
        "Principal": "sns.amazonaws.com",
        "SourceArn": {
          "Ref": "MyTopic86869434",
        },
      },
      "Type": "AWS::Lambda::Permission",
    },
    "MyLambdaCCE802FB": {
      "DependsOn": [
        "MyLambdaServiceRoleDefaultPolicy5BBC6F68",
        "MyLambdaServiceRole4539ECB6",
      ],
      "Properties": {
        "Code": {
          "S3Bucket": {
            "Fn::Sub": "cdk-hnb659fds-assets-\${AWS::AccountId}-\${AWS::Region}",
          },
          "S3Key": "798d95ca5ea9167fe4c020efbb7df9d7998800b0911757a1ea86cfe4b8fc2c2f.zip",
        },
        "Environment": {
          "Variables": {
            "AWS_LAMBDA_EXEC_WRAPPER": "/opt/spy-wrapper",
            "AWS_NODEJS_CONNECTION_REUSE_ENABLED": "1",
            "NODE_OPTIONS": "--enable-source-maps",
            "SSPY_DEBUG": "true",
            "SSPY_FUNCTION_NAME": "MyLambda",
            "SSPY_INFRA_MAPPING": "{}",
            "SSPY_ROOT_STACK": "Test",
          },
        },
        "Handler": "index.handler",
        "Layers": [
          {
            "Ref": "ServerlessSpyExtensionEA4873A0",
          },
          {
            "Ref": "ServerlessSpySpyWrapperLayerBE5627BF",
          },
        ],
        "MemorySize": 512,
        "Role": {
          "Fn::GetAtt": [
            "MyLambdaServiceRole4539ECB6",
            "Arn",
          ],
        },
        "Runtime": "nodejs16.x",
        "Timeout": 5,
      },
      "Type": "AWS::Lambda::Function",
    },
    "MyLambdaMyTopicA81E02FD": {
      "Properties": {
        "Endpoint": {
          "Fn::GetAtt": [
            "MyLambdaCCE802FB",
            "Arn",
          ],
        },
        "Protocol": "lambda",
        "TopicArn": {
          "Ref": "MyTopic86869434",
        },
      },
      "Type": "AWS::SNS::Subscription",
    },
    "MyLambdaServiceRole4539ECB6": {
      "Properties": {
        "AssumeRolePolicyDocument": {
          "Statement": [
            {
              "Action": "sts:AssumeRole",
              "Effect": "Allow",
              "Principal": {
                "Service": "lambda.amazonaws.com",
              },
            },
          ],
          "Version": "2012-10-17",
        },
        "ManagedPolicyArns": [
          {
            "Fn::Join": [
              "",
              [
                "arn:",
                {
                  "Ref": "AWS::Partition",
                },
                ":iam::aws:policy/service-role/AWSLambdaBasicExecutionRole",
              ],
            ],
          },
        ],
      },
      "Type": "AWS::IAM::Role",
    },
    "MyLambdaServiceRoleDefaultPolicy5BBC6F68": {
      "Properties": {
        "PolicyDocument": {
          "Statement": [
            {
              "Action": "iot:*",
              "Effect": "Allow",
              "Resource": "*",
            },
          ],
          "Version": "2012-10-17",
        },
        "PolicyName": "MyLambdaServiceRoleDefaultPolicy5BBC6F68",
        "Roles": [
          {
            "Ref": "MyLambdaServiceRole4539ECB6",
          },
        ],
      },
      "Type": "AWS::IAM::Policy",
    },
    "MyPythonLambdaAllowInvokeTestMyTopic06942AEA71E065BF": {
      "Properties": {
        "Action": "lambda:InvokeFunction",
        "FunctionName": {
          "Fn::GetAtt": [
            "MyPythonLambdaBD2BE2C6",
            "Arn",
          ],
        },
        "Principal": "sns.amazonaws.com",
        "SourceArn": {
          "Ref": "MyTopic86869434",
        },
      },
      "Type": "AWS::Lambda::Permission",
    },
    "MyPythonLambdaBD2BE2C6": {
      "DependsOn": [
        "MyPythonLambdaServiceRoleDefaultPolicyEBB1A269",
        "MyPythonLambdaServiceRoleE254838E",
      ],
      "Properties": {
        "Code": {
          "S3Bucket": {
            "Fn::Sub": "cdk-hnb659fds-assets-\${AWS::AccountId}-\${AWS::Region}",
          },
          "S3Key": "a34102ca9b461fd6335e146271be5476c61e07b3b0ca21959ff0705dd70432d8.zip",
        },
        "Environment": {
          "Variables": {
            "AWS_LAMBDA_EXEC_WRAPPER": "/opt/spy-wrapper",
            "SSPY_DEBUG": "true",
            "SSPY_FUNCTION_NAME": "MyPythonLambda",
            "SSPY_INFRA_MAPPING": "{}",
            "SSPY_ROOT_STACK": "Test",
          },
        },
        "Handler": "dummy.handler",
        "Layers": [
          {
            "Ref": "ServerlessSpyPythonExtension718A6034",
          },
          {
            "Ref": "ServerlessSpySpyWrapperLayerBE5627BF",
          },
        ],
        "MemorySize": 512,
        "Role": {
          "Fn::GetAtt": [
            "MyPythonLambdaServiceRoleE254838E",
            "Arn",
          ],
        },
        "Runtime": "python3.9",
        "Timeout": 5,
      },
      "Type": "AWS::Lambda::Function",
    },
    "MyPythonLambdaMyTopicC8D1E8B1": {
      "Properties": {
        "Endpoint": {
          "Fn::GetAtt": [
            "MyPythonLambdaBD2BE2C6",
            "Arn",
          ],
        },
        "Protocol": "lambda",
        "TopicArn": {
          "Ref": "MyTopic86869434",
        },
      },
      "Type": "AWS::SNS::Subscription",
    },
    "MyPythonLambdaServiceRoleDefaultPolicyEBB1A269": {
      "Properties": {
        "PolicyDocument": {
          "Statement": [
            {
              "Action": "iot:*",
              "Effect": "Allow",
              "Resource": "*",
            },
          ],
          "Version": "2012-10-17",
        },
        "PolicyName": "MyPythonLambdaServiceRoleDefaultPolicyEBB1A269",
        "Roles": [
          {
            "Ref": "MyPythonLambdaServiceRoleE254838E",
          },
        ],
      },
      "Type": "AWS::IAM::Policy",
    },
    "MyPythonLambdaServiceRoleE254838E": {
      "Properties": {
        "AssumeRolePolicyDocument": {
          "Statement": [
            {
              "Action": "sts:AssumeRole",
              "Effect": "Allow",
              "Principal": {
                "Service": "lambda.amazonaws.com",
              },
            },
          ],
          "Version": "2012-10-17",
        },
        "ManagedPolicyArns": [
          {
            "Fn::Join": [
              "",
              [
                "arn:",
                {
                  "Ref": "AWS::Partition",
                },
                ":iam::aws:policy/service-role/AWSLambdaBasicExecutionRole",
              ],
            ],
          },
        ],
      },
      "Type": "AWS::IAM::Role",
    },
    "MyTopic86869434": {
      "Type": "AWS::SNS::Topic",
    },
    "ServerlessSpyExtensionEA4873A0": {
      "Properties": {
        "CompatibleArchitectures": [
          "x86_64",
        ],
        "CompatibleRuntimes": [
          "nodejs16.x",
        ],
        "Content": {
          "S3Bucket": {
            "Fn::Sub": "cdk-hnb659fds-assets-\${AWS::AccountId}-\${AWS::Region}",
          },
          "S3Key": "babbb172503f6a6ffc178f8d107bae18937392efdbc57c9a729dd35ef6228e53.zip",
        },
      },
      "Type": "AWS::Lambda::LayerVersion",
    },
    "ServerlessSpyPythonExtension718A6034": {
      "Properties": {
        "CompatibleArchitectures": [
          "x86_64",
        ],
        "CompatibleRuntimes": [
          "python3.9",
        ],
        "Content": {
          "S3Bucket": {
            "Fn::Sub": "cdk-hnb659fds-assets-\${AWS::AccountId}-\${AWS::Region}",
          },
          "S3Key": "f0805f3798a1ec284ae50530bcfe1f7dc297a30367d2ef35819e3b21b57db6cd.zip",
        },
      },
      "Type": "AWS::Lambda::LayerVersion",
    },
    "ServerlessSpySpyWrapperLayerBE5627BF": {
      "Properties": {
        "Content": {
          "S3Bucket": {
            "Fn::Sub": "cdk-hnb659fds-assets-\${AWS::AccountId}-\${AWS::Region}",
          },
          "S3Key": "bf2df0858ecef77ac31b1994b46cd25f69a84fea5d58e9b5e5c6e458c33012f6.zip",
        },
      },
      "Type": "AWS::Lambda::LayerVersion",
    },
    "ServerlessSpySubscription0036DF4AB": {
      "DependsOn": [
        "ServerlessSpySubscription0ServiceRoleDefaultPolicyD8FA77F4",
        "ServerlessSpySubscription0ServiceRoleF955D76C",
      ],
      "Properties": {
        "Code": {
          "S3Bucket": {
            "Fn::Sub": "cdk-hnb659fds-assets-\${AWS::AccountId}-\${AWS::Region}",
          },
          "S3Key": "2fc02cc64fedb8a5c7c3049c58656172132663d36b541073ada7da4078957efa.zip",
        },
        "Environment": {
          "Variables": {
            "AWS_NODEJS_CONNECTION_REUSE_ENABLED": "1",
            "NODE_OPTIONS": "--enable-source-maps",
            "SSPY_INFRA_MAPPING": {
              "Fn::Join": [
                "",
                [
                  "{"",
                  {
                    "Ref": "MyTopic86869434",
                  },
                  "":"SnsTopic#MyTopic"}",
                ],
              ],
            },
            "SSPY_ROOT_STACK": "Test",
          },
        },
        "Handler": "index.handler",
        "MemorySize": 512,
        "Role": {
          "Fn::GetAtt": [
            "ServerlessSpySubscription0ServiceRoleF955D76C",
            "Arn",
          ],
        },
        "Runtime": "nodejs18.x",
        "Timeout": 5,
      },
      "Type": "AWS::Lambda::Function",
    },
    "ServerlessSpySubscription0AllowInvokeTestMyTopic06942AEAB4AEE620": {
      "Properties": {
        "Action": "lambda:InvokeFunction",
        "FunctionName": {
          "Fn::GetAtt": [
            "ServerlessSpySubscription0036DF4AB",
            "Arn",
          ],
        },
        "Principal": "sns.amazonaws.com",
        "SourceArn": {
          "Ref": "MyTopic86869434",
        },
      },
      "Type": "AWS::Lambda::Permission",
    },
    "ServerlessSpySubscription0MyTopic191FC9F5": {
      "Properties": {
        "Endpoint": {
          "Fn::GetAtt": [
            "ServerlessSpySubscription0036DF4AB",
            "Arn",
          ],
        },
        "Protocol": "lambda",
        "TopicArn": {
          "Ref": "MyTopic86869434",
        },
      },
      "Type": "AWS::SNS::Subscription",
    },
    "ServerlessSpySubscription0ServiceRoleDefaultPolicyD8FA77F4": {
      "Properties": {
        "PolicyDocument": {
          "Statement": [
            {
              "Action": "iot:*",
              "Effect": "Allow",
              "Resource": "*",
            },
          ],
          "Version": "2012-10-17",
        },
        "PolicyName": "ServerlessSpySubscription0ServiceRoleDefaultPolicyD8FA77F4",
        "Roles": [
          {
            "Ref": "ServerlessSpySubscription0ServiceRoleF955D76C",
          },
        ],
      },
      "Type": "AWS::IAM::Policy",
    },
    "ServerlessSpySubscription0ServiceRoleF955D76C": {
      "Properties": {
        "AssumeRolePolicyDocument": {
          "Statement": [
            {
              "Action": "sts:AssumeRole",
              "Effect": "Allow",
              "Principal": {
                "Service": "lambda.amazonaws.com",
              },
            },
          ],
          "Version": "2012-10-17",
        },
        "ManagedPolicyArns": [
          {
            "Fn::Join": [
              "",
              [
                "arn:",
                {
                  "Ref": "AWS::Partition",
                },
                ":iam::aws:policy/service-role/AWSLambdaBasicExecutionRole",
              ],
            ],
          },
        ],
      },
      "Type": "AWS::IAM::Role",
    },
    "ServerlessSpySubscription13C6B2B7D": {
      "DependsOn": [
        "ServerlessSpySubscription1ServiceRoleDefaultPolicyB2E063F5",
        "ServerlessSpySubscription1ServiceRoleCB639294",
      ],
      "Properties": {
        "Code": {
          "S3Bucket": {
            "Fn::Sub": "cdk-hnb659fds-assets-\${AWS::AccountId}-\${AWS::Region}",
          },
          "S3Key": "2fc02cc64fedb8a5c7c3049c58656172132663d36b541073ada7da4078957efa.zip",
        },
        "Environment": {
          "Variables": {
            "AWS_NODEJS_CONNECTION_REUSE_ENABLED": "1",
            "NODE_OPTIONS": "--enable-source-maps",
            "SSPY_INFRA_MAPPING": {
              "Fn::Join": [
                "",
                [
                  "{"",
                  {
                    "Ref": "MyTopic86869434",
                  },
                  "":"SnsSubscription#MyTopic#MyLambda"}",
                ],
              ],
            },
            "SSPY_ROOT_STACK": "Test",
          },
        },
        "Handler": "index.handler",
        "MemorySize": 512,
        "Role": {
          "Fn::GetAtt": [
            "ServerlessSpySubscription1ServiceRoleCB639294",
            "Arn",
          ],
        },
        "Runtime": "nodejs18.x",
        "Timeout": 5,
      },
      "Type": "AWS::Lambda::Function",
    },
    "ServerlessSpySubscription1AllowInvokeTestMyTopic06942AEAED481931": {
      "Properties": {
        "Action": "lambda:InvokeFunction",
        "FunctionName": {
          "Fn::GetAtt": [
            "ServerlessSpySubscription13C6B2B7D",
            "Arn",
          ],
        },
        "Principal": "sns.amazonaws.com",
        "SourceArn": {
          "Ref": "MyTopic86869434",
        },
      },
      "Type": "AWS::Lambda::Permission",
    },
    "ServerlessSpySubscription1MyTopic98E4131B": {
      "Properties": {
        "Endpoint": {
          "Fn::GetAtt": [
            "ServerlessSpySubscription13C6B2B7D",
            "Arn",
          ],
        },
        "Protocol": "lambda",
        "TopicArn": {
          "Ref": "MyTopic86869434",
        },
      },
      "Type": "AWS::SNS::Subscription",
    },
    "ServerlessSpySubscription1ServiceRoleCB639294": {
      "Properties": {
        "AssumeRolePolicyDocument": {
          "Statement": [
            {
              "Action": "sts:AssumeRole",
              "Effect": "Allow",
              "Principal": {
                "Service": "lambda.amazonaws.com",
              },
            },
          ],
          "Version": "2012-10-17",
        },
        "ManagedPolicyArns": [
          {
            "Fn::Join": [
              "",
              [
                "arn:",
                {
                  "Ref": "AWS::Partition",
                },
                ":iam::aws:policy/service-role/AWSLambdaBasicExecutionRole",
              ],
            ],
          },
        ],
      },
      "Type": "AWS::IAM::Role",
    },
    "ServerlessSpySubscription1ServiceRoleDefaultPolicyB2E063F5": {
      "Properties": {
        "PolicyDocument": {
          "Statement": [
            {
              "Action": "iot:*",
              "Effect": "Allow",
              "Resource": "*",
            },
          ],
          "Version": "2012-10-17",
        },
        "PolicyName": "ServerlessSpySubscription1ServiceRoleDefaultPolicyB2E063F5",
        "Roles": [
          {
            "Ref": "ServerlessSpySubscription1ServiceRoleCB639294",
          },
        ],
      },
      "Type": "AWS::IAM::Policy",
    },
    "ServerlessSpySubscription2AllowInvokeTestMyTopic06942AEA9C58EED7": {
      "Properties": {
        "Action": "lambda:InvokeFunction",
        "FunctionName": {
          "Fn::GetAtt": [
            "ServerlessSpySubscription2F82BAF5F",
            "Arn",
          ],
        },
        "Principal": "sns.amazonaws.com",
        "SourceArn": {
          "Ref": "MyTopic86869434",
        },
      },
      "Type": "AWS::Lambda::Permission",
    },
    "ServerlessSpySubscription2F82BAF5F": {
      "DependsOn": [
        "ServerlessSpySubscription2ServiceRoleDefaultPolicyA3D9E5E8",
        "ServerlessSpySubscription2ServiceRole7162AC7F",
      ],
      "Properties": {
        "Code": {
          "S3Bucket": {
            "Fn::Sub": "cdk-hnb659fds-assets-\${AWS::AccountId}-\${AWS::Region}",
          },
          "S3Key": "2fc02cc64fedb8a5c7c3049c58656172132663d36b541073ada7da4078957efa.zip",
        },
        "Environment": {
          "Variables": {
            "AWS_NODEJS_CONNECTION_REUSE_ENABLED": "1",
            "NODE_OPTIONS": "--enable-source-maps",
            "SSPY_INFRA_MAPPING": {
              "Fn::Join": [
                "",
                [
                  "{"",
                  {
                    "Ref": "MyTopic86869434",
                  },
                  "":"SnsSubscription#MyTopic#MyPythonLambda"}",
                ],
              ],
            },
            "SSPY_ROOT_STACK": "Test",
          },
        },
        "Handler": "index.handler",
        "MemorySize": 512,
        "Role": {
          "Fn::GetAtt": [
            "ServerlessSpySubscription2ServiceRole7162AC7F",
            "Arn",
          ],
        },
        "Runtime": "nodejs18.x",
        "Timeout": 5,
      },
      "Type": "AWS::Lambda::Function",
    },
    "ServerlessSpySubscription2MyTopic089E6498": {
      "Properties": {
        "Endpoint": {
          "Fn::GetAtt": [
            "ServerlessSpySubscription2F82BAF5F",
            "Arn",
          ],
        },
        "Protocol": "lambda",
        "TopicArn": {
          "Ref": "MyTopic86869434",
        },
      },
      "Type": "AWS::SNS::Subscription",
    },
    "ServerlessSpySubscription2ServiceRole7162AC7F": {
      "Properties": {
        "AssumeRolePolicyDocument": {
          "Statement": [
            {
              "Action": "sts:AssumeRole",
              "Effect": "Allow",
              "Principal": {
                "Service": "lambda.amazonaws.com",
              },
            },
          ],
          "Version": "2012-10-17",
        },
        "ManagedPolicyArns": [
          {
            "Fn::Join": [
              "",
              [
                "arn:",
                {
                  "Ref": "AWS::Partition",
                },
                ":iam::aws:policy/service-role/AWSLambdaBasicExecutionRole",
              ],
            ],
          },
        ],
      },
      "Type": "AWS::IAM::Role",
    },
    "ServerlessSpySubscription2ServiceRoleDefaultPolicyA3D9E5E8": {
      "Properties": {
        "PolicyDocument": {
          "Statement": [
            {
              "Action": "iot:*",
              "Effect": "Allow",
              "Resource": "*",
            },
          ],
          "Version": "2012-10-17",
        },
        "PolicyName": "ServerlessSpySubscription2ServiceRoleDefaultPolicyA3D9E5E8",
        "Roles": [
          {
            "Ref": "ServerlessSpySubscription2ServiceRole7162AC7F",
          },
        ],
      },
      "Type": "AWS::IAM::Policy",
    },
  },
  "Rules": {
    "CheckBootstrapVersion": {
      "Assertions": [
        {
          "Assert": {
            "Fn::Not": [
              {
                "Fn::Contains": [
                  [
                    "1",
                    "2",
                    "3",
                    "4",
                    "5",
                  ],
                  {
                    "Ref": "BootstrapVersion",
                  },
                ],
              },
            ],
          },
          "AssertDescription": "CDK bootstrap stack version 6 required. Please run 'cdk bootstrap' with a recent version of the CDK CLI.",
        },
      ],
    },
  },
}
`;
