// Jest Snapshot v1, https://goo.gl/fbAQLP

exports[`SQS with option spySqsWithNoSubscriptionAndDropAllMessages Snapshot 1`] = `
{
  "Outputs": {
    "QueueUrlMyQueue": {
      "Value": {
        "Ref": "MyQueueE6CA6235",
      },
    },
  },
  "Parameters": {
    "BootstrapVersion": {
      "Default": "/cdk-bootstrap/hnb659fds/version",
      "Description": "Version of the CDK Bootstrap resources in this environment, automatically retrieved from SSM Parameter Store. [cdk:skip]",
      "Type": "AWS::SSM::Parameter::Value<String>",
    },
  },
  "Resources": {
    "MyQueueE6CA6235": {
      "DeletionPolicy": "Delete",
      "Type": "AWS::SQS::Queue",
      "UpdateReplacePolicy": "Delete",
    },
    "ServerlessSpyExtensionEA4873A0": {
      "Properties": {
        "CompatibleArchitectures": [
          "x86_64",
        ],
        "CompatibleRuntimes": [
          "nodejs18.x",
        ],
        "Content": {
          "S3Bucket": {
            "Fn::Sub": "cdk-hnb659fds-assets-\${AWS::AccountId}-\${AWS::Region}",
          },
          "S3Key": "babbb172503f6a6ffc178f8d107bae18937392efdbc57c9a729dd35ef6228e53.zip",
        },
      },
      "Type": "AWS::Lambda::LayerVersion",
    },
    "ServerlessSpyMyQueueSqsSubscriptionAndDropAllMessages3748840C": {
      "DependsOn": [
        "ServerlessSpyMyQueueSqsSubscriptionAndDropAllMessagesServiceRoleDefaultPolicy986A7CEA",
        "ServerlessSpyMyQueueSqsSubscriptionAndDropAllMessagesServiceRoleE8496CCC",
      ],
      "Properties": {
        "Code": {
          "S3Bucket": {
            "Fn::Sub": "cdk-hnb659fds-assets-\${AWS::AccountId}-\${AWS::Region}",
          },
          "S3Key": "017c4a8f4be7b88fdbd3f2870a840157cf42e67cb2c44d8b9e81f3995d6ea901.zip",
        },
        "Environment": {
          "Variables": {
            "AWS_LAMBDA_EXEC_WRAPPER": "/opt/spy-wrapper",
            "AWS_NODEJS_CONNECTION_REUSE_ENABLED": "1",
            "NODE_OPTIONS": "--enable-source-maps",
            "SSPY_DEBUG": "true",
            "SSPY_INFRA_MAPPING": {
              "Fn::Join": [
                "",
                [
                  "{"",
                  {
                    "Fn::GetAtt": [
                      "MyQueueE6CA6235",
                      "Arn",
                    ],
                  },
                  "":"Sqs#MyQueue"}",
                ],
              ],
            },
            "SSPY_ROOT_STACK": "Test",
            "SSPY_SUBSCRIBED_TO_SQS": "true",
          },
        },
        "Handler": "index.handler",
        "Layers": [
          {
            "Ref": "ServerlessSpyExtensionEA4873A0",
          },
          {
            "Ref": "ServerlessSpySpyWrapperLayerBE5627BF",
          },
        ],
        "MemorySize": 512,
        "Role": {
          "Fn::GetAtt": [
            "ServerlessSpyMyQueueSqsSubscriptionAndDropAllMessagesServiceRoleE8496CCC",
            "Arn",
          ],
        },
        "Runtime": "nodejs18.x",
        "Timeout": 5,
      },
      "Type": "AWS::Lambda::Function",
    },
    "ServerlessSpyMyQueueSqsSubscriptionAndDropAllMessagesServiceRoleDefaultPolicy986A7CEA": {
      "Properties": {
        "PolicyDocument": {
          "Statement": [
            {
              "Action": [
                "sqs:ReceiveMessage",
                "sqs:ChangeMessageVisibility",
                "sqs:GetQueueUrl",
                "sqs:DeleteMessage",
                "sqs:GetQueueAttributes",
              ],
              "Effect": "Allow",
              "Resource": {
                "Fn::GetAtt": [
                  "MyQueueE6CA6235",
                  "Arn",
                ],
              },
            },
            {
              "Action": "iot:*",
              "Effect": "Allow",
              "Resource": "*",
            },
          ],
          "Version": "2012-10-17",
        },
        "PolicyName": "ServerlessSpyMyQueueSqsSubscriptionAndDropAllMessagesServiceRoleDefaultPolicy986A7CEA",
        "Roles": [
          {
            "Ref": "ServerlessSpyMyQueueSqsSubscriptionAndDropAllMessagesServiceRoleE8496CCC",
          },
        ],
      },
      "Type": "AWS::IAM::Policy",
    },
    "ServerlessSpyMyQueueSqsSubscriptionAndDropAllMessagesServiceRoleE8496CCC": {
      "Properties": {
        "AssumeRolePolicyDocument": {
          "Statement": [
            {
              "Action": "sts:AssumeRole",
              "Effect": "Allow",
              "Principal": {
                "Service": "lambda.amazonaws.com",
              },
            },
          ],
          "Version": "2012-10-17",
        },
        "ManagedPolicyArns": [
          {
            "Fn::Join": [
              "",
              [
                "arn:",
                {
                  "Ref": "AWS::Partition",
                },
                ":iam::aws:policy/service-role/AWSLambdaBasicExecutionRole",
              ],
            ],
          },
        ],
      },
      "Type": "AWS::IAM::Role",
    },
    "ServerlessSpyMyQueueSqsSubscriptionAndDropAllMessagesSqsEventSourceTestMyQueueE040091D6114B6E3": {
      "Properties": {
        "EventSourceArn": {
          "Fn::GetAtt": [
            "MyQueueE6CA6235",
            "Arn",
          ],
        },
        "FunctionName": {
          "Ref": "ServerlessSpyMyQueueSqsSubscriptionAndDropAllMessages3748840C",
        },
      },
      "Type": "AWS::Lambda::EventSourceMapping",
    },
    "ServerlessSpySpyWrapperLayerBE5627BF": {
      "Properties": {
        "Content": {
          "S3Bucket": {
            "Fn::Sub": "cdk-hnb659fds-assets-\${AWS::AccountId}-\${AWS::Region}",
          },
          "S3Key": "bf2df0858ecef77ac31b1994b46cd25f69a84fea5d58e9b5e5c6e458c33012f6.zip",
        },
      },
      "Type": "AWS::Lambda::LayerVersion",
    },
    "ServerlessSpySubscription0036DF4AB": {
      "DependsOn": [
        "ServerlessSpySubscription0ServiceRoleDefaultPolicyD8FA77F4",
        "ServerlessSpySubscription0ServiceRoleF955D76C",
      ],
      "Properties": {
        "Code": {
          "S3Bucket": {
            "Fn::Sub": "cdk-hnb659fds-assets-\${AWS::AccountId}-\${AWS::Region}",
          },
          "S3Key": "2fc02cc64fedb8a5c7c3049c58656172132663d36b541073ada7da4078957efa.zip",
        },
        "Environment": {
          "Variables": {
            "AWS_NODEJS_CONNECTION_REUSE_ENABLED": "1",
            "NODE_OPTIONS": "--enable-source-maps",
            "SSPY_INFRA_MAPPING": "{}",
            "SSPY_ROOT_STACK": "Test",
          },
        },
        "Handler": "index.handler",
        "MemorySize": 512,
        "Role": {
          "Fn::GetAtt": [
            "ServerlessSpySubscription0ServiceRoleF955D76C",
            "Arn",
          ],
        },
        "Runtime": "nodejs18.x",
        "Timeout": 5,
      },
      "Type": "AWS::Lambda::Function",
    },
    "ServerlessSpySubscription0ServiceRoleDefaultPolicyD8FA77F4": {
      "Properties": {
        "PolicyDocument": {
          "Statement": [
            {
              "Action": "iot:*",
              "Effect": "Allow",
              "Resource": "*",
            },
          ],
          "Version": "2012-10-17",
        },
        "PolicyName": "ServerlessSpySubscription0ServiceRoleDefaultPolicyD8FA77F4",
        "Roles": [
          {
            "Ref": "ServerlessSpySubscription0ServiceRoleF955D76C",
          },
        ],
      },
      "Type": "AWS::IAM::Policy",
    },
    "ServerlessSpySubscription0ServiceRoleF955D76C": {
      "Properties": {
        "AssumeRolePolicyDocument": {
          "Statement": [
            {
              "Action": "sts:AssumeRole",
              "Effect": "Allow",
              "Principal": {
                "Service": "lambda.amazonaws.com",
              },
            },
          ],
          "Version": "2012-10-17",
        },
        "ManagedPolicyArns": [
          {
            "Fn::Join": [
              "",
              [
                "arn:",
                {
                  "Ref": "AWS::Partition",
                },
                ":iam::aws:policy/service-role/AWSLambdaBasicExecutionRole",
              ],
            ],
          },
        ],
      },
      "Type": "AWS::IAM::Role",
    },
  },
  "Rules": {
    "CheckBootstrapVersion": {
      "Assertions": [
        {
          "Assert": {
            "Fn::Not": [
              {
                "Fn::Contains": [
                  [
                    "1",
                    "2",
                    "3",
                    "4",
                    "5",
                  ],
                  {
                    "Ref": "BootstrapVersion",
                  },
                ],
              },
            ],
          },
          "AssertDescription": "CDK bootstrap stack version 6 required. Please run 'cdk bootstrap' with a recent version of the CDK CLI.",
        },
      ],
    },
  },
}
`;
