// Jest Snapshot v1, https://goo.gl/fbAQLP

exports[`SQS to Lambda Snapshot 1`] = `
{
  "Outputs": {
    "QueueUrlMyQueue": {
      "Value": {
        "Ref": "MyQueueE6CA6235",
      },
    },
    "QueueUrlMyQueue2": {
      "Value": {
        "Ref": "MyQueue22D001D59",
      },
    },
  },
  "Parameters": {
    "BootstrapVersion": {
      "Default": "/cdk-bootstrap/hnb659fds/version",
      "Description": "Version of the CDK Bootstrap resources in this environment, automatically retrieved from SSM Parameter Store. [cdk:skip]",
      "Type": "AWS::SSM::Parameter::Value<String>",
    },
  },
  "Resources": {
    "MyLambdaCCE802FB": {
      "DependsOn": [
        "MyLambdaServiceRoleDefaultPolicy5BBC6F68",
        "MyLambdaServiceRole4539ECB6",
      ],
      "Properties": {
        "Code": {
          "S3Bucket": {
            "Fn::Sub": "cdk-hnb659fds-assets-\${AWS::AccountId}-\${AWS::Region}",
          },
          "S3Key": "798d95ca5ea9167fe4c020efbb7df9d7998800b0911757a1ea86cfe4b8fc2c2f.zip",
        },
        "Environment": {
          "Variables": {
            "AWS_LAMBDA_EXEC_WRAPPER": "/opt/spy-wrapper",
            "AWS_NODEJS_CONNECTION_REUSE_ENABLED": "1",
            "NODE_OPTIONS": "--enable-source-maps",
            "SSPY_DEBUG": "true",
            "SSPY_FUNCTION_NAME": "MyLambda",
            "SSPY_INFRA_MAPPING": {
              "Fn::Join": [
                "",
                [
                  "{"",
                  {
                    "Fn::GetAtt": [
                      "MyQueueE6CA6235",
                      "Arn",
                    ],
                  },
                  "":"Sqs#MyQueue"}",
                ],
              ],
            },
            "SSPY_ROOT_STACK": "Test",
            "SSPY_SUBSCRIBED_TO_SQS": "true",
          },
        },
        "Handler": "index.handler",
        "Layers": [
          {
            "Ref": "ServerlessSpyExtensionEA4873A0",
          },
          {
            "Ref": "ServerlessSpySpyWrapperLayerBE5627BF",
          },
        ],
        "MemorySize": 512,
        "Role": {
          "Fn::GetAtt": [
            "MyLambdaServiceRole4539ECB6",
            "Arn",
          ],
        },
        "Runtime": "nodejs16.x",
        "Timeout": 5,
      },
      "Type": "AWS::Lambda::Function",
    },
    "MyLambdaServiceRole4539ECB6": {
      "Properties": {
        "AssumeRolePolicyDocument": {
          "Statement": [
            {
              "Action": "sts:AssumeRole",
              "Effect": "Allow",
              "Principal": {
                "Service": "lambda.amazonaws.com",
              },
            },
          ],
          "Version": "2012-10-17",
        },
        "ManagedPolicyArns": [
          {
            "Fn::Join": [
              "",
              [
                "arn:",
                {
                  "Ref": "AWS::Partition",
                },
                ":iam::aws:policy/service-role/AWSLambdaBasicExecutionRole",
              ],
            ],
          },
        ],
      },
      "Type": "AWS::IAM::Role",
    },
    "MyLambdaServiceRoleDefaultPolicy5BBC6F68": {
      "Properties": {
        "PolicyDocument": {
          "Statement": [
            {
              "Action": [
                "sqs:ReceiveMessage",
                "sqs:ChangeMessageVisibility",
                "sqs:GetQueueUrl",
                "sqs:DeleteMessage",
                "sqs:GetQueueAttributes",
              ],
              "Effect": "Allow",
              "Resource": {
                "Fn::GetAtt": [
                  "MyQueueE6CA6235",
                  "Arn",
                ],
              },
            },
            {
              "Action": "iot:*",
              "Effect": "Allow",
              "Resource": "*",
            },
          ],
          "Version": "2012-10-17",
        },
        "PolicyName": "MyLambdaServiceRoleDefaultPolicy5BBC6F68",
        "Roles": [
          {
            "Ref": "MyLambdaServiceRole4539ECB6",
          },
        ],
      },
      "Type": "AWS::IAM::Policy",
    },
    "MyLambdaSqsEventSourceTestMyQueueE040091DE4AC535F": {
      "Properties": {
        "EventSourceArn": {
          "Fn::GetAtt": [
            "MyQueueE6CA6235",
            "Arn",
          ],
        },
        "FunctionName": {
          "Ref": "MyLambdaCCE802FB",
        },
      },
      "Type": "AWS::Lambda::EventSourceMapping",
    },
    "MyPythonLambdaBD2BE2C6": {
      "DependsOn": [
        "MyPythonLambdaServiceRoleDefaultPolicyEBB1A269",
        "MyPythonLambdaServiceRoleE254838E",
      ],
      "Properties": {
        "Code": {
          "S3Bucket": {
            "Fn::Sub": "cdk-hnb659fds-assets-\${AWS::AccountId}-\${AWS::Region}",
          },
          "S3Key": "a34102ca9b461fd6335e146271be5476c61e07b3b0ca21959ff0705dd70432d8.zip",
        },
        "Environment": {
          "Variables": {
            "AWS_LAMBDA_EXEC_WRAPPER": "/opt/spy-wrapper",
            "SSPY_DEBUG": "true",
            "SSPY_FUNCTION_NAME": "MyPythonLambda",
            "SSPY_INFRA_MAPPING": {
              "Fn::Join": [
                "",
                [
                  "{"",
                  {
                    "Fn::GetAtt": [
                      "MyQueue22D001D59",
                      "Arn",
                    ],
                  },
                  "":"Sqs#MyQueue2"}",
                ],
              ],
            },
            "SSPY_ROOT_STACK": "Test",
            "SSPY_SUBSCRIBED_TO_SQS": "true",
          },
        },
        "Handler": "dummy.handler",
        "Layers": [
          {
            "Ref": "ServerlessSpyPythonExtension718A6034",
          },
          {
            "Ref": "ServerlessSpySpyWrapperLayerBE5627BF",
          },
        ],
        "MemorySize": 512,
        "Role": {
          "Fn::GetAtt": [
            "MyPythonLambdaServiceRoleE254838E",
            "Arn",
          ],
        },
        "Runtime": "python3.9",
        "Timeout": 5,
      },
      "Type": "AWS::Lambda::Function",
    },
    "MyPythonLambdaServiceRoleDefaultPolicyEBB1A269": {
      "Properties": {
        "PolicyDocument": {
          "Statement": [
            {
              "Action": [
                "sqs:ReceiveMessage",
                "sqs:ChangeMessageVisibility",
                "sqs:GetQueueUrl",
                "sqs:DeleteMessage",
                "sqs:GetQueueAttributes",
              ],
              "Effect": "Allow",
              "Resource": {
                "Fn::GetAtt": [
                  "MyQueue22D001D59",
                  "Arn",
                ],
              },
            },
            {
              "Action": "iot:*",
              "Effect": "Allow",
              "Resource": "*",
            },
          ],
          "Version": "2012-10-17",
        },
        "PolicyName": "MyPythonLambdaServiceRoleDefaultPolicyEBB1A269",
        "Roles": [
          {
            "Ref": "MyPythonLambdaServiceRoleE254838E",
          },
        ],
      },
      "Type": "AWS::IAM::Policy",
    },
    "MyPythonLambdaServiceRoleE254838E": {
      "Properties": {
        "AssumeRolePolicyDocument": {
          "Statement": [
            {
              "Action": "sts:AssumeRole",
              "Effect": "Allow",
              "Principal": {
                "Service": "lambda.amazonaws.com",
              },
            },
          ],
          "Version": "2012-10-17",
        },
        "ManagedPolicyArns": [
          {
            "Fn::Join": [
              "",
              [
                "arn:",
                {
                  "Ref": "AWS::Partition",
                },
                ":iam::aws:policy/service-role/AWSLambdaBasicExecutionRole",
              ],
            ],
          },
        ],
      },
      "Type": "AWS::IAM::Role",
    },
    "MyPythonLambdaSqsEventSourceTestMyQueue26E21529BC3616E46": {
      "Properties": {
        "EventSourceArn": {
          "Fn::GetAtt": [
            "MyQueue22D001D59",
            "Arn",
          ],
        },
        "FunctionName": {
          "Ref": "MyPythonLambdaBD2BE2C6",
        },
      },
      "Type": "AWS::Lambda::EventSourceMapping",
    },
    "MyQueue22D001D59": {
      "DeletionPolicy": "Delete",
      "Type": "AWS::SQS::Queue",
      "UpdateReplacePolicy": "Delete",
    },
    "MyQueueE6CA6235": {
      "DeletionPolicy": "Delete",
      "Type": "AWS::SQS::Queue",
      "UpdateReplacePolicy": "Delete",
    },
    "ServerlessSpyExtensionEA4873A0": {
      "Properties": {
        "CompatibleArchitectures": [
          "x86_64",
        ],
        "CompatibleRuntimes": [
          "nodejs16.x",
        ],
        "Content": {
          "S3Bucket": {
            "Fn::Sub": "cdk-hnb659fds-assets-\${AWS::AccountId}-\${AWS::Region}",
          },
          "S3Key": "babbb172503f6a6ffc178f8d107bae18937392efdbc57c9a729dd35ef6228e53.zip",
        },
      },
      "Type": "AWS::Lambda::LayerVersion",
    },
    "ServerlessSpyPythonExtension718A6034": {
      "Properties": {
        "CompatibleArchitectures": [
          "x86_64",
        ],
        "CompatibleRuntimes": [
          "python3.9",
        ],
        "Content": {
          "S3Bucket": {
            "Fn::Sub": "cdk-hnb659fds-assets-\${AWS::AccountId}-\${AWS::Region}",
          },
          "S3Key": "f0805f3798a1ec284ae50530bcfe1f7dc297a30367d2ef35819e3b21b57db6cd.zip",
        },
      },
      "Type": "AWS::Lambda::LayerVersion",
    },
    "ServerlessSpySpyWrapperLayerBE5627BF": {
      "Properties": {
        "Content": {
          "S3Bucket": {
            "Fn::Sub": "cdk-hnb659fds-assets-\${AWS::AccountId}-\${AWS::Region}",
          },
          "S3Key": "bf2df0858ecef77ac31b1994b46cd25f69a84fea5d58e9b5e5c6e458c33012f6.zip",
        },
      },
      "Type": "AWS::Lambda::LayerVersion",
    },
    "ServerlessSpySubscription0036DF4AB": {
      "DependsOn": [
        "ServerlessSpySubscription0ServiceRoleDefaultPolicyD8FA77F4",
        "ServerlessSpySubscription0ServiceRoleF955D76C",
      ],
      "Properties": {
        "Code": {
          "S3Bucket": {
            "Fn::Sub": "cdk-hnb659fds-assets-\${AWS::AccountId}-\${AWS::Region}",
          },
          "S3Key": "2fc02cc64fedb8a5c7c3049c58656172132663d36b541073ada7da4078957efa.zip",
        },
        "Environment": {
          "Variables": {
            "AWS_NODEJS_CONNECTION_REUSE_ENABLED": "1",
            "NODE_OPTIONS": "--enable-source-maps",
            "SSPY_INFRA_MAPPING": "{}",
            "SSPY_ROOT_STACK": "Test",
          },
        },
        "Handler": "index.handler",
        "MemorySize": 512,
        "Role": {
          "Fn::GetAtt": [
            "ServerlessSpySubscription0ServiceRoleF955D76C",
            "Arn",
          ],
        },
        "Runtime": "nodejs18.x",
        "Timeout": 5,
      },
      "Type": "AWS::Lambda::Function",
    },
    "ServerlessSpySubscription0ServiceRoleDefaultPolicyD8FA77F4": {
      "Properties": {
        "PolicyDocument": {
          "Statement": [
            {
              "Action": "iot:*",
              "Effect": "Allow",
              "Resource": "*",
            },
          ],
          "Version": "2012-10-17",
        },
        "PolicyName": "ServerlessSpySubscription0ServiceRoleDefaultPolicyD8FA77F4",
        "Roles": [
          {
            "Ref": "ServerlessSpySubscription0ServiceRoleF955D76C",
          },
        ],
      },
      "Type": "AWS::IAM::Policy",
    },
    "ServerlessSpySubscription0ServiceRoleF955D76C": {
      "Properties": {
        "AssumeRolePolicyDocument": {
          "Statement": [
            {
              "Action": "sts:AssumeRole",
              "Effect": "Allow",
              "Principal": {
                "Service": "lambda.amazonaws.com",
              },
            },
          ],
          "Version": "2012-10-17",
        },
        "ManagedPolicyArns": [
          {
            "Fn::Join": [
              "",
              [
                "arn:",
                {
                  "Ref": "AWS::Partition",
                },
                ":iam::aws:policy/service-role/AWSLambdaBasicExecutionRole",
              ],
            ],
          },
        ],
      },
      "Type": "AWS::IAM::Role",
    },
  },
  "Rules": {
    "CheckBootstrapVersion": {
      "Assertions": [
        {
          "Assert": {
            "Fn::Not": [
              {
                "Fn::Contains": [
                  [
                    "1",
                    "2",
                    "3",
                    "4",
                    "5",
                  ],
                  {
                    "Ref": "BootstrapVersion",
                  },
                ],
              },
            ],
          },
          "AssertDescription": "CDK bootstrap stack version 6 required. Please run 'cdk bootstrap' with a recent version of the CDK CLI.",
        },
      ],
    },
  },
}
`;
